
[1m[46m RUN [49m[22m [36mv3.2.4 [39m[90mC:/Users/Jos├® Osvaldo/Documents/GitHub/sheet-optimizer-pro[39m

[90mstdout[2m | src/test/optimization.test.ts[2m > [22m[2mOptimization Regression[2m > [22m[2mshould achieve the 50-sheet solution for the 200-piece scenario
[22m[39m[CNC-ENGINE] P├│s-an├ílise: 1 oportunidade(s) de reagrupamento encontrada(s)
  ÔåÆ Altura 2500mm: 2 pe├ºas em 2 colunas diferentes

[90mstdout[2m | src/test/optimization.test.ts[2m > [22m[2mOptimization Regression[2m > [22m[2mshould achieve the 50-sheet solution for the 200-piece scenario
[22m[39m[CNC-ENGINE] P├│s-an├ílise: 1 oportunidade(s) de reagrupamento encontrada(s)
  ÔåÆ Altura 2500mm: 2 pe├ºas em 2 colunas diferentes

[90mstdout[2m | src/test/optimization.test.ts[2m > [22m[2mOptimization Regression[2m > [22m[2mshould achieve the 50-sheet solution for the 200-piece scenario
[22m[39m[CNC-ENGINE] P├│s-an├ílise: 1 oportunidade(s) de reagrupamento encontrada(s)
  ÔåÆ Altura 2500mm: 2 pe├ºas em 2 colunas diferentes

[90mstdout[2m | src/test/optimization.test.ts[2m > [22m[2mOptimization Regression[2m > [22m[2mshould achieve the 50-sheet solution for the 200-piece scenario
[22m[39mFinal Sheet Count: 50

 [32mÔ£ô[39m src/test/optimization.test.ts [2m([22m[2m1 test[22m[2m)[22m[33m 612[2mms[22m[39m
   [33m[2mÔ£ô[22m[39m Optimization Regression[2m > [22mshould achieve the 50-sheet solution for the 200-piece scenario [33m 608[2mms[22m[39m

[2m Test Files [22m [1m[32m1 passed[39m[22m[90m (1)[39m
[2m      Tests [22m [1m[32m1 passed[39m[22m[90m (1)[39m
[2m   Start at [22m 09:36:58
[2m   Duration [22m 7.33s[2m (transform 900ms, setup 839ms, collect 473ms, tests 612ms, environment 2.63s, prepare 389ms)[22m

